https://github.com/lightbend/paradox/tree/develop/docs/src/main/paradox/index.md
