<pre class="prettyprint"><button class="snippet-button copy-snippet" title="Copy snippet to clipboard">copy</button><code class="language-scala">val foo = 42</code></pre>
<pre class="prettyprint"><button class="snippet-button copy-snippet" title="Copy snippet to clipboard">copy</button><code class="language-scala">val foo = 42</code></pre>
<pre class="prettyprint"><button class="snippet-button copy-snippet" title="Copy snippet to clipboard">copy</button><code class="language-scala">val foo = 42</code></pre>
<pre class="prettyprint"><button class="snippet-button copy-snippet" title="Copy snippet to clipboard">copy</button><code class="language-scala">val foo = 42</code></pre>