<pre class="prettyprint group-a"><button class="snippet-button copy-snippet" title="Copy snippet to clipboard">copy</button><code class="language-scala">private class SomethingElse</code></pre>
<pre class="prettyprint group-b"><button class="snippet-button copy-snippet" title="Copy snippet to clipboard">copy</button><code class="language-scala">import scala.util.Try</code></pre>