<pre class="prettyprint"><button class="snippet-button copy-snippet" title="Copy snippet to clipboard">copy</button><code class="language-scala">import scala.concurrent.duration._

case class Measurement(method: Method, duration: Duration)</code></pre>
<pre class="prettyprint"><button class="snippet-button copy-snippet" title="Copy snippet to clipboard">copy</button><code class="language-scala">import scala.util.Try

def parseInt(s: String): Option[Int] = Try(s.toInt).toOption</code></pre>
<pre class="prettyprint"><button class="snippet-button copy-snippet" title="Copy snippet to clipboard">copy</button><code class="language-conf"># HTTP Configuration
http {
  port=80
  host=0.0.0.0
}

# Database Configuration
db {
  url=jdbc:mysql://mydb/mytable
  user=dev
  pass=secret
}</code></pre>
