<pre class="prettyprint"><button class="snippet-button copy-snippet" title="Copy snippet to clipboard">copy</button><code class="nocode">certpath: -Using checker7 ... [sun.security.provider.certpath.RevocationChecker]
certpath: connecting to OCSP service at: http://gtssl2-ocsp.geotrust.com
certpath: OCSP response status: SUCCESSFUL
certpath: OCSP response type: basic
certpath: Responder&#39;s name: CN=GeoTrust SSL CA - G2 OCSP Responder, O=GeoTrust Inc., C=US
certpath: OCSP response produced at: Wed Mar 19 13:57:32 PDT 2014
certpath: OCSP number of SingleResponses: 1
certpath: OCSP response cert #1: CN=GeoTrust SSL CA - G2 OCSP Responder, O=GeoTrust Inc., C=US
certpath: Status of certificate (with serial number 159761413677206476752317239691621661939) is: GOOD
certpath: Responder&#39;s certificate includes the extension id-pkix-ocsp-nocheck.
certpath: OCSP response is signed by an Authorized Responder
certpath: Verified signature of OCSP Response
certpath: Response&#39;s validity interval is from Wed Mar 19 13:57:32 PDT 2014 until Wed Mar 26 13:57:32 PDT 2014
certpath: -checker7 validation succeeded</code></pre>
<pre class="prettyprint"><code class="nocode">certpath: -Using checker7 ... [sun.security.provider.certpath.RevocationChecker]
certpath: connecting to OCSP service at: http://gtssl2-ocsp.geotrust.com
certpath: OCSP response status: SUCCESSFUL
certpath: OCSP response type: basic
certpath: Responder&#39;s name: CN=GeoTrust SSL CA - G2 OCSP Responder, O=GeoTrust Inc., C=US
certpath: OCSP response produced at: Wed Mar 19 13:57:32 PDT 2014
certpath: OCSP number of SingleResponses: 1
certpath: OCSP response cert #1: CN=GeoTrust SSL CA - G2 OCSP Responder, O=GeoTrust Inc., C=US
certpath: Status of certificate (with serial number 159761413677206476752317239691621661939) is: GOOD
certpath: Responder&#39;s certificate includes the extension id-pkix-ocsp-nocheck.
certpath: OCSP response is signed by an Authorized Responder
certpath: Verified signature of OCSP Response
certpath: Response&#39;s validity interval is from Wed Mar 19 13:57:32 PDT 2014 until Wed Mar 26 13:57:32 PDT 2014
certpath: -checker7 validation succeeded
</code></pre>
<pre class="prettyprint"><code class="nocode">certpath: -Using checker7 ... [sun.security.provider.certpath.RevocationChecker]
certpath: connecting to OCSP service at: http://gtssl2-ocsp.geotrust.com
certpath: OCSP response status: SUCCESSFUL
certpath: OCSP response type: basic
certpath: Responder&#39;s name: CN=GeoTrust SSL CA - G2 OCSP Responder, O=GeoTrust Inc., C=US
certpath: OCSP response produced at: Wed Mar 19 13:57:32 PDT 2014
certpath: OCSP number of SingleResponses: 1
certpath: OCSP response cert #1: CN=GeoTrust SSL CA - G2 OCSP Responder, O=GeoTrust Inc., C=US
certpath: Status of certificate (with serial number 159761413677206476752317239691621661939) is: GOOD
certpath: Responder&#39;s certificate includes the extension id-pkix-ocsp-nocheck.
certpath: OCSP response is signed by an Authorized Responder
certpath: Verified signature of OCSP Response
certpath: Response&#39;s validity interval is from Wed Mar 19 13:57:32 PDT 2014 until Wed Mar 26 13:57:32 PDT 2014
certpath: -checker7 validation succeeded
</code></pre>
