<pre class="prettyprint"><button class="snippet-button copy-snippet" title="Copy snippet to clipboard">copy</button><code class="language-conf"># This should be included
#and this as well

snippets {
  # this snip is a snap
  snip = &quot;snap&quot;
}</code></pre>
<!-- -->
<pre class="prettyprint"><button class="snippet-button copy-snippet" title="Copy snippet to clipboard">copy</button><code class="language-conf"># this snip is a snap
snip = &quot;snap&quot;</code></pre>
