<pre class="prettyprint"><button class="snippet-button copy-snippet" title="Copy snippet to clipboard">copy</button><code class="language-scala">def indented = {
  1 + 2
}</code></pre>
<pre class="prettyprint"><button class="snippet-button copy-snippet" title="Copy snippet to clipboard">copy</button><code class="language-conf">snippets {
  test = 1
}</code></pre>
<pre class="prettyprint"><button class="snippet-button copy-snippet" title="Copy snippet to clipboard">copy</button><code class="language-scala">val symbols = Seq(&#39;symbols, Symbol(&quot;@&quot;), &#39;EOL)</code></pre>
<pre class="prettyprint"><button class="snippet-button copy-snippet" title="Copy snippet to clipboard">copy</button><code class="language-scala">val spacy = &quot;Please do not remove ending spaces after these markers&quot;</code></pre>
