<pre class="prettyprint"><button class="snippet-button copy-snippet" title="Copy snippet to clipboard">copy</button><code class="language-xml">&lt;bar&gt;
    XML FTW
&lt;/bar&gt;</code></pre>
